python : C:\Users\matte\Desktop\Backend Developer (Python) - silnik planowania 
podr├│┼╝y\.venv\Scripts\python.exe: can't open file 'C:\\Users\\matte\\Desktop\
\Backend Developer (Python) - silnik planowania podr├│┼╝y\\travel-planner-backe
nd\\test_phase8_elastic_trails_fixed.py': [Errno 2] No such file or directory
At line:1 char:1
+ python test_phase8_elastic_trails_fixed.py 2>&1 > test_output.txt ; S ...
+ ~~~~~~~~~~~~~~~~~~~~~~~~~~~~~~~~~~~~~~~~~~~~~~~~~~~~~~~~~~~~~~~~~
    + CategoryInfo          : NotSpecified: (C:\Users\matte\...le or directory 
   :String) [], RemoteException
    + FullyQualifiedErrorId : NativeCommandError
 
